// Jest Snapshot v1, https://goo.gl/fbAQLP

exports[`Pruebas con <RegisterScreen /> Debe de mostrarse correctamente 1`] = `
<div>
  <h1
    className="auth__title"
  >
    Register
  </h1>
  <form
    onSubmit={[Function]}
  >
    <label
      htmlFor="name"
    >
      Name
    </label>
    <input
      className="auth__input"
      name="name"
      onChange={[Function]}
      placeholder="Name"
      type="text"
      value="Jesus"
    />
    <label
      htmlFor="email"
    >
      Email
    </label>
    <input
      className="auth__input"
      name="email"
      onChange={[Function]}
      placeholder="email"
      type="email"
      value="correo@gmail.com"
    />
    <label
      htmlFor="password"
    >
      Password
    </label>
    <input
      className="auth__input"
      name="password"
      onChange={[Function]}
      placeholder="password"
      type="password"
      value="123456"
    />
    <label
      htmlFor="confirm"
    >
      Confirm
    </label>
    <input
      className="auth__input"
      name="confirm"
      onChange={[Function]}
      placeholder="Confirm Password"
      type="password"
      value="123456"
    />
    <button
      className="btn btn-primary btn-block mb-5"
      type="submit"
    >
       Login 
    </button>
    <hr />
    <a
      className="link"
      href="/auth/login"
      onClick={[Function]}
    >
      Already Register?
    </a>
  </form>
</div>
`;
