// Jest Snapshot v1, https://goo.gl/fbAQLP

exports[`Pruebas en <NoteScreen /> Debe mostrarse Correctamente 1`] = `
<div
  className="note__main-content"
>
  <div
    className="notes__appbar"
  >
    <span>
      28 de Agosto del 2021
    </span>
    <input
      id="fileSelector"
      name="file"
      onChange={[Function]}
      style={
        Object {
          "display": "none",
        }
      }
      type="file"
    />
    <div>
      <button
        className="btn"
        onClick={[Function]}
      >
        Picture
      </button>
      <button
        className="btn"
        onClick={[Function]}
      >
        Save
      </button>
    </div>
  </div>
  <div
    className="notes__content"
  >
    <label
      htmlFor="title"
    >
      Title
    </label>
    <input
      className="notes__title-input"
      name="title"
      onChange={[Function]}
      placeholder="Some Awasome Title"
      types="text"
      value="Mundo"
    />
    <textarea
      className="note__textarea"
      name="body"
      onChange={[Function]}
      placeholder="What happened today"
      value="Hola"
    />
  </div>
  <button
    className="btn btn-danger"
    onClick={[Function]}
  >
    Delete
  </button>
</div>
`;
